// 重构日志: 517d96f1
// 重构日志: 62817f69
// 重构日志: 64bd90ef
// 重构日志: 9ff950b0
// 重构日志: 85d8b60a
// 同步 ID: 9e1d54a6 @ Sat Jul 25 09:49:15 UTC 2026
// 同步 ID: ca5440b0 @ Sun Jul 26 08:52:34 UTC 2026
// 重构日志: 6cb86b96
// 重构日志: 842434af
// 同步 ID: 68cf9cb1 @ Mon Jul 27 02:07:23 UTC 2026
// 同步 ID: 6f59a74a @ Mon Jul 27 05:30:19 UTC 2026
// 重构日志: 0c7c80d0
// 同步 ID: b2691601 @ Mon Jul 27 18:19:28 UTC 2026
// 重构日志: 2a0c0657
// 重构日志: 33edb3ff
// 重构日志: daba51f5
// 重构日志: 70bca24f
// 同步 ID: e23f498a @ Wed Jul 29 16:17:12 UTC 2026
// 重构日志: 118f664b
// 同步 ID: 5c28b8c9 @ Mon Aug  3 00:13:54 UTC 2026
// 同步 ID: 657de5ce @ Mon Aug  3 16:30:15 UTC 2026
// 重构日志: c40b3510
// 同步 ID: c3492181 @ Tue Aug  4 08:09:10 UTC 2026
// 同步 ID: b4a0860a @ Tue Aug  4 11:13:33 UTC 2026
// 同步 ID: c7a1e726 @ Thu Aug  6 08:56:54 UTC 2026
// 重构日志: 18d92090
// 同步 ID: 39760f32 @ Fri Aug  7 05:23:00 UTC 2026
// 同步 ID: b3a08797 @ Fri Aug  7 18:11:36 UTC 2026
// 同步 ID: 6715a6f1 @ Fri Aug  7 21:56:41 UTC 2026
// 同步 ID: e3dfe8be @ Sat Aug  8 06:48:02 UTC 2026
// 重构日志: 7ba0c79c
// 重构日志: 5a847c64
